PRODUCT_REPOSITORY<<_GitHubActionsFileCommandDelimeter_
dadgarcorp/lockbox
_GitHubActionsFileCommandDelimeter_
PRODUCT_NAME<<_GitHubActionsFileCommandDelimeter_
lockbox
_GitHubActionsFileCommandDelimeter_
PRODUCT_VERSION<<_GitHubActionsFileCommandDelimeter_
1.2.3
_GitHubActionsFileCommandDelimeter_
PRODUCT_REVISION<<_GitHubActionsFileCommandDelimeter_
cabba9e
_GitHubActionsFileCommandDelimeter_
PRODUCT_REVISION_TIME<<_GitHubActionsFileCommandDelimeter_
2022-06-30T10:31:06Z
_GitHubActionsFileCommandDelimeter_
GO_VERSION<<_GitHubActionsFileCommandDelimeter_
1.18
_GitHubActionsFileCommandDelimeter_
OS<<_GitHubActionsFileCommandDelimeter_
linux
_GitHubActionsFileCommandDelimeter_
ARCH<<_GitHubActionsFileCommandDelimeter_
amd64
_GitHubActionsFileCommandDelimeter_
REPRODUCIBLE<<_GitHubActionsFileCommandDelimeter_
assert
_GitHubActionsFileCommandDelimeter_
INSTRUCTIONS<<_GitHubActionsFileCommandDelimeter_

_GitHubActionsFileCommandDelimeter_
BIN_NAME<<_GitHubActionsFileCommandDelimeter_
lockbox
_GitHubActionsFileCommandDelimeter_
ZIP_NAME<<_GitHubActionsFileCommandDelimeter_
lockbox_1.2.3_linux_amd64.zip
_GitHubActionsFileCommandDelimeter_
PRIMARY_BUILD_ROOT<<_GitHubActionsFileCommandDelimeter_
/some/dir/work
_GitHubActionsFileCommandDelimeter_
VERIFICATION_BUILD_ROOT<<_GitHubActionsFileCommandDelimeter_
/some/dir/verification
_GitHubActionsFileCommandDelimeter_
BIN_PATH_PRIMARY<<_GitHubActionsFileCommandDelimeter_
/some/dir/work/dist/lockbox
_GitHubActionsFileCommandDelimeter_
ZIP_PATH_PRIMARY<<_GitHubActionsFileCommandDelimeter_
/some/dir/work/out/lockbox_1.2.3_linux_amd64.zip
_GitHubActionsFileCommandDelimeter_
BIN_PATH_VERIFICATION<<_GitHubActionsFileCommandDelimeter_
/some/dir/verification/dist/lockbox
_GitHubActionsFileCommandDelimeter_
ZIP_PATH_VERIFICATION<<_GitHubActionsFileCommandDelimeter_
/some/dir/verification/out/lockbox_1.2.3_linux_amd64.zip
_GitHubActionsFileCommandDelimeter_
